** Drc report for vogelstimmen.kicad_pcb **
** Created on 2026-07-05T21:17:48 **
** Report includes: Errors, Warnings **

** Found 0 DRC violations **

** Found 3 unconnected pads **
[unconnected_items]: Missing connection between items
    Local override; error
    @(140.0000 mm, 60.0000 mm): Zone [/GND] on F.Cu, priority 0
    @(140.0000 mm, 60.0000 mm): Zone [/GND] on F.Cu, priority 0
[unconnected_items]: Missing connection between items
    Local override; error
    @(187.4125 mm, 114.4500 mm): Pad 2 [/GND] of C16 on F.Cu
    @(140.0000 mm, 60.0000 mm): Zone [/GND] on F.Cu, priority 0
[unconnected_items]: Missing connection between items
    Local override; error
    @(140.0000 mm, 60.0000 mm): Zone [/GND] on F.Cu, priority 0
    @(140.0000 mm, 60.0000 mm): Zone [/GND] on F.Cu, priority 0

** Found 0 Footprint errors **

** Ignored checks **
    - Footprint has no courtyard defined
    - Track endpoint not centered on via
    - Tuning profile track geometries
    - Footprint doesn't match symbol's footprint filters
    - Footprint component type doesn't match footprint pads

** End of Report **
